../source/r01lib/i2c.cpp:152:10:virtual status_t I2C::reg_write(uint8_t, uint8_t, uint8_t)	32	static
../source/r01lib/i2c.cpp:173:10:virtual status_t I2C::write(uint8_t, uint8_t, bool)	32	static
../source/r01lib/i2c.cpp:178:9:virtual uint8_t I2C::read(uint8_t, bool)	32	static
../source/r01lib/i2c.cpp:187:10:virtual status_t I2C::ccc_set(uint8_t, uint8_t, uint8_t)	0	static
../source/r01lib/i2c.cpp:80:6:virtual void I2C::frequency(uint32_t)	8	static
../source/r01lib/i2c.cpp:140:10:virtual status_t I2C::reg_write(uint8_t, uint8_t, const uint8_t*, int)	40	static
../source/r01lib/i2c.cpp:192:10:virtual status_t I2C::ccc_get(uint8_t, uint8_t, uint8_t*, uint8_t)	8	static
../source/r01lib/i2c.cpp:157:10:virtual status_t I2C::reg_read(uint8_t, uint8_t, uint8_t*, int)	40	static
../source/r01lib/i2c.cpp:85:10:virtual status_t I2C::write(uint8_t, const uint8_t*, int, bool)	24	static
../source/r01lib/i2c.cpp:116:10:virtual status_t I2C::read(uint8_t, uint8_t*, int, bool)	16	static
../source/r01lib/i2c.cpp:167:9:virtual uint8_t I2C::reg_read(uint8_t, uint8_t)	40	static
../source/r01lib/i2c.cpp:35:1:I2C::I2C(int, int, bool)	56	static
../source/r01lib/i2c.cpp:75:1:I2C::~I2C()	8	static
