../source/r01lib/i3c.cpp:253:6:static void I3C::master_callback(I3C_Type*, i3c_master_handle_t*, status_t, void*)	0	static
../source/r01lib/i3c.cpp:225:6:static void I3C::master_ibi_callback(I3C_Type*, i3c_master_handle_t*, i3c_ibi_type_t, i3c_ibi_state_t)	8	static
../source/r01lib/i3c.cpp:115:10:virtual status_t I3C::read(uint8_t, uint8_t*, int, bool)	40	static
../source/r01lib/i3c.cpp:110:10:virtual status_t I3C::write(uint8_t, const uint8_t*, int, bool)	40	static
../source/r01lib/i3c.cpp:205:10:virtual status_t I3C::ccc_get(uint8_t, uint8_t, uint8_t*, uint8_t)	72	static
../source/r01lib/i3c.cpp:195:10:virtual status_t I3C::ccc_set(uint8_t, uint8_t, uint8_t)	72	static
../source/r01lib/i3c.cpp:44:1:I3C::I3C(int, int, uint32_t, uint32_t, uint32_t)	64	static
../source/r01lib/i3c.cpp:85:1:I3C::~I3C()	8	static
../source/r01lib/i3c.cpp:89:6:void I3C::frequency(uint32_t, uint32_t, uint32_t)	24	static
../source/r01lib/i3c.cpp:100:6:void I3C::frequency()	8	static
../source/r01lib/i3c.cpp:105:6:void I3C::mode(MODE)	0	static
../source/r01lib/i3c.cpp:121:10:status_t I3C::reg_write(uint8_t, uint8_t, const uint8_t*, int, bool)	40	static
../source/r01lib/i3c.cpp:126:10:status_t I3C::reg_read(uint8_t, uint8_t, uint8_t*, int, bool)	40	static
../source/r01lib/i3c.cpp:131:10:status_t I3C::reg_xfer(i3c_direction_t, i3c_bus_type_t, uint8_t, uint8_t, uint8_t, uint8_t*, int, bool)	40	static
../source/r01lib/i3c.cpp:147:10:status_t I3C::xfer(i3c_direction_t, i3c_bus_type_t, uint8_t, uint8_t*, int, bool)	40	static
../source/r01lib/i3c.cpp:167:6:void I3C::set_IBI_callback(i3c_func_ptr)	0	static
../source/r01lib/i3c.cpp:173:10:status_t I3C::ccc_broadcast(uint8_t, const uint8_t*, uint8_t, bool)	80	static
../source/r01lib/i3c.cpp:215:9:uint8_t I3C::check_IBI()	0	static
../source/r01lib/i3c.cpp:268:5:int I3C::DAA(const uint8_t*, uint8_t, i3c_device_info_t**)	24	static
