../source/r01device/temp_sensor/P3T1755.cpp:22:6:virtual void I3C_Device::ccc_set(CCC, uint8_t)	4	static
../source/r01device/temp_sensor/P3T1755.cpp:27:10:virtual uint8_t* I3C_Device::ccc_get(CCC, uint8_t*, uint8_t)	24	static
../source/r01device/temp_sensor/P3T1755.cpp:11:1:I3C_Device::I3C_Device(I2C&, uint8_t)	4	static
../source/r01device/temp_sensor/P3T1755.cpp:15:1:I3C_Device::~I3C_Device()	0	static
../source/r01device/temp_sensor/P3T1755.cpp:17:6:void I3C_Device::address_overwrite(uint8_t)	0	static
../source/r01device/temp_sensor/P3T1755.cpp:37:1:P3T1755::P3T1755(I2C&, uint8_t)	4	static
../source/r01device/temp_sensor/P3T1755.cpp:38:1:P3T1755::~P3T1755()	0	static
../source/r01device/temp_sensor/P3T1755.cpp:40:7:float P3T1755::temp()	32	static
../source/r01device/temp_sensor/P3T1755.cpp:45:6:void P3T1755::conf(uint8_t)	24	static
../source/r01device/temp_sensor/P3T1755.cpp:50:9:uint8_t P3T1755::conf()	24	static
../source/r01device/temp_sensor/P3T1755.cpp:58:6:void P3T1755::high(float)	32	static
../source/r01device/temp_sensor/P3T1755.cpp:63:7:float P3T1755::high()	32	static
../source/r01device/temp_sensor/P3T1755.cpp:68:6:void P3T1755::low(float)	32	static
../source/r01device/temp_sensor/P3T1755.cpp:73:7:float P3T1755::low()	24	static
../source/r01device/temp_sensor/P3T1755.cpp:78:6:void P3T1755::write(uint8_t, float)	40	static
../source/r01device/temp_sensor/P3T1755.cpp:84:9:int16_t P3T1755::read(uint8_t)	32	static
../source/r01device/temp_sensor/P3T1755.cpp:92:6:void P3T1755::info()	72	static
../source/r01device/temp_sensor/P3T1755.cpp:121:7:static float P3T1755::short2celsius(int16_t)	0	static
../source/r01device/temp_sensor/P3T1755.cpp:126:9:static int16_t P3T1755::celsius2short(float)	8	static
../source/r01device/temp_sensor/P3T1755.cpp:131:9:static int16_t P3T1755::swap_bytes(int16_t)	0	static
../source/r01device/temp_sensor/P3T1755.cpp:140:1:P3T1755::operator float()	32	static
