../source/r01device/lcd/LCDDriver.cpp:22:1:PCA8561::~PCA8561()	8	static
../source/r01device/lcd/LCDDriver.cpp:22:1:virtual PCA8561::~PCA8561()	8	static
../source/r01device/lcd/LCDDriver.cpp:7:1:PCA8561::PCA8561(I2C&, uint8_t)	16	static
../source/r01device/lcd/LCDDriver.cpp:12:6:void PCA8561::init()	0	static
../source/r01device/lcd/LCDDriver.cpp:26:6:void PCA8561::begin()	0	static
../source/r01device/lcd/LCDDriver.cpp:31:6:void PCA8561::com_seg(int, int, bool)	72	static
../source/r01device/lcd/LCDDriver.cpp:74:6:void PCA8561::flush()	0	static
../source/r01device/lcd/LCDDriver.cpp:79:6:void PCA8561::clear(bool)	0	static
../source/r01device/lcd/LCDDriver.cpp:90:6:void PCA8561::char2seg(int, int)	16	static
../source/r01device/lcd/LCDDriver.cpp:51:6:void PCA8561::putchar(char)	16	static
../source/r01device/lcd/LCDDriver.cpp:43:6:void PCA8561::puts(const char*, int)	32	static
