../source/r01device/gpio/GPIO_NXP.cpp:23:1:GPIO_base::~GPIO_base()	8	static
../source/r01device/gpio/GPIO_NXP.cpp:193:1:PCA9554::~PCA9554()	8	static
../source/r01device/gpio/GPIO_NXP.cpp:206:1:PCA9555::~PCA9555()	8	static
../source/r01device/gpio/GPIO_NXP.cpp:217:1:PCAL6xxx_base::~PCAL6xxx_base()	8	static
../source/r01device/gpio/GPIO_NXP.cpp:229:1:PCAL6408A::~PCAL6408A()	8	static
../source/r01device/gpio/GPIO_NXP.cpp:243:1:PCAL6416A::~PCAL6416A()	8	static
../source/r01device/gpio/GPIO_NXP.cpp:257:1:PCAL6524::~PCAL6524()	8	static
../source/r01device/gpio/GPIO_NXP.cpp:271:1:PCAL6534::~PCAL6534()	8	static
../source/r01device/gpio/GPIO_NXP.cpp:23:1:virtual GPIO_base::~GPIO_base()	8	static
../source/r01device/gpio/GPIO_NXP.cpp:193:1:virtual PCA9554::~PCA9554()	8	static
../source/r01device/gpio/GPIO_NXP.cpp:206:1:virtual PCA9555::~PCA9555()	8	static
../source/r01device/gpio/GPIO_NXP.cpp:217:1:virtual PCAL6xxx_base::~PCAL6xxx_base()	8	static
../source/r01device/gpio/GPIO_NXP.cpp:229:1:virtual PCAL6408A::~PCAL6408A()	8	static
../source/r01device/gpio/GPIO_NXP.cpp:243:1:virtual PCAL6416A::~PCAL6416A()	8	static
../source/r01device/gpio/GPIO_NXP.cpp:257:1:virtual PCAL6524::~PCAL6524()	8	static
../source/r01device/gpio/GPIO_NXP.cpp:271:1:virtual PCAL6534::~PCAL6534()	8	static
../source/r01device/gpio/GPIO_NXP.cpp:5:1:GPIO_base::GPIO_base(I2C&, uint8_t, int, const uint8_t*, uint8_t)	16	static
../source/r01device/gpio/GPIO_NXP.cpp:15:6:void GPIO_base::init()	0	static
../source/r01device/gpio/GPIO_NXP.cpp:27:6:void GPIO_base::begin(board)	40	static
../source/r01device/gpio/GPIO_NXP.cpp:44:6:void GPIO_base::output(int, uint8_t, uint8_t)	24	static
../source/r01device/gpio/GPIO_NXP.cpp:57:9:uint8_t GPIO_base::input(int)	0	static
../source/r01device/gpio/GPIO_NXP.cpp:69:6:void GPIO_base::config(int, uint8_t, uint8_t)	24	static
../source/r01device/gpio/GPIO_NXP.cpp:82:6:void GPIO_base::write_port(access_word, const uint8_t*)	24	static
../source/r01device/gpio/GPIO_NXP.cpp:52:6:void GPIO_base::output(const uint8_t*)	0	static
../source/r01device/gpio/GPIO_NXP.cpp:77:6:void GPIO_base::config(const uint8_t*)	0	static
../source/r01device/gpio/GPIO_NXP.cpp:93:6:void GPIO_base::write_port16(access_word, const uint16_t*)	32	dynamic
../source/r01device/gpio/GPIO_NXP.cpp:119:10:uint8_t* GPIO_base::read_port(access_word, uint8_t*)	32	static
../source/r01device/gpio/GPIO_NXP.cpp:62:10:uint8_t* GPIO_base::input(uint8_t*)	8	static
../source/r01device/gpio/GPIO_NXP.cpp:132:12:uint16_t* GPIO_base::read_port16(access_word, uint16_t*)	32	static
../source/r01device/gpio/GPIO_NXP.cpp:157:6:void GPIO_base::write_port(access_word, uint8_t, int)	4	static
../source/r01device/gpio/GPIO_NXP.cpp:162:6:void GPIO_base::write_port16(access_word, uint16_t, int)	4	static
../source/r01device/gpio/GPIO_NXP.cpp:167:9:uint8_t GPIO_base::read_port(access_word, int)	0	static
../source/r01device/gpio/GPIO_NXP.cpp:172:10:uint16_t GPIO_base::read_port16(access_word, int)	0	static
../source/r01device/gpio/GPIO_NXP.cpp:177:6:static void GPIO_base::print_bin(uint8_t)	16	static
../source/r01device/gpio/GPIO_NXP.cpp:188:1:PCA9554::PCA9554(I2C&, uint8_t)	8	static
../source/r01device/gpio/GPIO_NXP.cpp:201:1:PCA9555::PCA9555(I2C&, uint8_t)	8	static
../source/r01device/gpio/GPIO_NXP.cpp:212:1:PCAL6xxx_base::PCAL6xxx_base(I2C&, uint8_t, int, const uint8_t*, uint8_t)	16	static
../source/r01device/gpio/GPIO_NXP.cpp:224:1:PCAL6408A::PCAL6408A(I2C&, uint8_t)	8	static
../source/r01device/gpio/GPIO_NXP.cpp:238:1:PCAL6416A::PCAL6416A(I2C&, uint8_t)	8	static
../source/r01device/gpio/GPIO_NXP.cpp:252:1:PCAL6524::PCAL6524(I2C&, uint8_t)	8	static
../source/r01device/gpio/GPIO_NXP.cpp:266:1:PCAL6534::PCAL6534(I2C&, uint8_t)	8	static
