../source/r01device/gpio/PORT.cpp:3:1:PORT::PORT(GPIO_base&, int, uint8_t)	0	static
../source/r01device/gpio/PORT.cpp:8:6:void PORT::config(uint8_t)	0	static
../source/r01device/gpio/PORT.cpp:13:6:void PORT::set(access_word, uint8_t)	0	static
../source/r01device/gpio/PORT.cpp:18:7:PORT& PORT::operator=(uint8_t)	8	static
../source/r01device/gpio/PORT.cpp:24:7:PORT& PORT::operator=(PORT&)	0	static
../source/r01device/gpio/PORT.cpp:29:1:PORT::operator int()	8	static
../source/r01device/gpio/PORT.cpp:34:1:GPIO_PORT::GPIO_PORT(GPIO_base&, int, uint8_t)	0	static
