../source/r01device/rtc/PCF2131_base.cpp:17:6:virtual bool PCF2131_base::oscillator_stop()	8	static
../source/r01device/rtc/PCF2131_base.cpp:81:6:virtual void PCF2131_base::alarm_clear()	4	static
../source/r01device/rtc/PCF2131_base.cpp:86:6:virtual void PCF2131_base::alarm_disable()	4	static
../source/r01device/rtc/PCF2131_base.cpp:22:8:virtual time_t PCF2131_base::rtc_time()	56	static
../source/r01device/rtc/PCF2131_base.cpp:41:6:virtual void PCF2131_base::set(tm*)	32	static
../source/r01device/rtc/PCF2131_base.cpp:3:1:PCF2131_base::PCF2131_base()	16	static
../source/r01device/rtc/PCF2131_base.cpp:7:1:PCF2131_base::~PCF2131_base()	8	static
../source/r01device/rtc/PCF2131_base.cpp:7:1:virtual PCF2131_base::~PCF2131_base()	8	static
../source/r01device/rtc/PCF2131_base.cpp:73:6:void PCF2131_base::alarm(RTC_NXP::alarm_setting, int, int)	16	static
../source/r01device/rtc/PCF2131_base.cpp:68:6:virtual void PCF2131_base::alarm(RTC_NXP::alarm_setting, int)	0	static
../source/r01device/rtc/PCF2131_base.cpp:91:6:void PCF2131_base::timestamp(int, timestanp_setting, int)	32	static
../source/r01device/rtc/PCF2131_base.cpp:106:8:time_t PCF2131_base::timestamp(int)	56	static
../source/r01device/rtc/PCF2131_base.cpp:139:9:uint8_t PCF2131_base::int_clear(uint8_t*)	16	static
../source/r01device/rtc/PCF2131_base.cpp:131:9:virtual uint8_t PCF2131_base::int_clear()	16	static
../source/r01device/rtc/PCF2131_base.cpp:11:6:virtual void PCF2131_base::begin()	16	static
../source/r01device/rtc/PCF2131_base.cpp:155:6:void PCF2131_base::periodic_interrupt_enable(periodic_int_select, int)	16	static
