../source/r01device/rtc/PCF2131_SPI.cpp:7:1:PCF2131_SPI::~PCF2131_SPI()	8	static
../source/r01device/rtc/PCF2131_SPI.cpp:11:6:virtual void PCF2131_SPI::_reg_w(uint8_t, uint8_t*, int)	0	static
../source/r01device/rtc/PCF2131_SPI.cpp:16:6:virtual void PCF2131_SPI::_reg_r(uint8_t, uint8_t*, int)	0	static
../source/r01device/rtc/PCF2131_SPI.cpp:21:6:virtual void PCF2131_SPI::_reg_w(uint8_t, uint8_t)	0	static
../source/r01device/rtc/PCF2131_SPI.cpp:26:9:virtual uint8_t PCF2131_SPI::_reg_r(uint8_t)	0	static
../source/r01device/rtc/PCF2131_SPI.cpp:31:6:virtual void PCF2131_SPI::_bit_op8(uint8_t, uint8_t, uint8_t)	0	static
../source/r01device/rtc/PCF2131_SPI.cpp:7:1:virtual PCF2131_SPI::~PCF2131_SPI()	8	static
../source/r01device/rtc/PCF2131_SPI.cpp:3:1:PCF2131_SPI::PCF2131_SPI(SPI&)	16	static
