../source/r01device/rtc/PCF85053A.cpp:6:6:virtual void PCF85053A::begin()	0	static
../source/r01device/rtc/PCF85053A.cpp:4:1:PCF85053A::~PCF85053A()	8	static
../source/r01device/rtc/PCF85053A.cpp:8:6:virtual void PCF85053A::set(tm*)	40	static
../source/r01device/rtc/PCF85053A.cpp:31:6:virtual bool PCF85053A::oscillator_stop()	8	static
../source/r01device/rtc/PCF85053A.cpp:43:6:virtual void PCF85053A::alarm_clear()	16	static
../source/r01device/rtc/PCF85053A.cpp:55:9:virtual uint8_t PCF85053A::int_clear()	16	static
../source/r01device/rtc/PCF85053A.cpp:37:6:virtual void PCF85053A::alarm(RTC_NXP::alarm_setting, int)	16	static
../source/r01device/rtc/PCF85053A.cpp:50:6:virtual void PCF85053A::alarm_disable()	0	static
../source/r01device/rtc/PCF85053A.cpp:63:8:virtual time_t PCF85053A::rtc_time()	56	static
../source/r01device/rtc/PCF85053A.cpp:4:1:virtual PCF85053A::~PCF85053A()	8	static
../source/r01device/rtc/PCF85053A.cpp:3:1:PCF85053A::PCF85053A(I2C&, uint8_t)	16	static
