../source/r01device/rtc/PCF85263A.cpp:11:6:virtual void PCF85263A::begin()	0	static
../source/r01device/rtc/PCF85263A.cpp:7:1:PCF85263A::~PCF85263A()	8	static
../source/r01device/rtc/PCF85263A.cpp:15:6:virtual void PCF85263A::set(tm*)	40	static
../source/r01device/rtc/PCF85263A.cpp:79:6:virtual void PCF85263A::alarm_clear()	0	static
../source/r01device/rtc/PCF85263A.cpp:41:6:virtual bool PCF85263A::oscillator_stop()	8	static
../source/r01device/rtc/PCF85263A.cpp:90:9:virtual uint8_t PCF85263A::int_clear()	16	static
../source/r01device/rtc/PCF85263A.cpp:84:6:virtual void PCF85263A::alarm_disable()	8	static
../source/r01device/rtc/PCF85263A.cpp:98:8:virtual time_t PCF85263A::rtc_time()	56	static
../source/r01device/rtc/PCF85263A.cpp:7:1:virtual PCF85263A::~PCF85263A()	8	static
../source/r01device/rtc/PCF85263A.cpp:3:1:PCF85263A::PCF85263A(I2C&, uint8_t)	16	static
../source/r01device/rtc/PCF85263A.cpp:66:6:void PCF85263A::set_alarm(int, int, int)	24	static
../source/r01device/rtc/PCF85263A.cpp:51:6:void PCF85263A::alarm(RTC_NXP::alarm_setting, int, int)	0	static
../source/r01device/rtc/PCF85263A.cpp:61:6:void PCF85263A::alarm(alarm_setting_85263A, int, int)	0	static
../source/r01device/rtc/PCF85263A.cpp:46:6:virtual void PCF85263A::alarm(RTC_NXP::alarm_setting, int)	0	static
../source/r01device/rtc/PCF85263A.cpp:116:6:void PCF85263A::periodic_interrupt_enable(periodic_int_select, int)	24	static
../source/r01device/rtc/PCF85263A.cpp:124:6:void PCF85263A::pin_congfig(inta, intb)	0	static
../source/r01device/rtc/PCF85263A.cpp:129:6:void PCF85263A::ts_congfig(int)	8	static
../source/r01device/rtc/PCF85263A.cpp:135:8:time_t PCF85263A::timestamp(int)	56	static
