../source/r01device/rtc/PCF85063A.cpp:11:6:virtual void PCF85063_base::begin()	0	static
../source/r01device/rtc/PCF85063A.cpp:124:1:PCF85063A::~PCF85063A()	8	static
../source/r01device/rtc/PCF85063A.cpp:128:6:virtual void PCF85063A::_reg_w(uint8_t, uint8_t*, int)	0	static
../source/r01device/rtc/PCF85063A.cpp:133:6:virtual void PCF85063A::_reg_r(uint8_t, uint8_t*, int)	0	static
../source/r01device/rtc/PCF85063A.cpp:138:6:virtual void PCF85063A::_reg_w(uint8_t, uint8_t)	0	static
../source/r01device/rtc/PCF85063A.cpp:143:9:virtual uint8_t PCF85063A::_reg_r(uint8_t)	0	static
../source/r01device/rtc/PCF85063A.cpp:148:6:virtual void PCF85063A::_bit_op8(uint8_t, uint8_t, uint8_t)	0	static
../source/r01device/rtc/PCF85063A.cpp:100:8:virtual time_t PCF85063_base::rtc_time()	56	static
../source/r01device/rtc/PCF85063A.cpp:15:6:virtual void PCF85063_base::set(tm*)	32	static
../source/r01device/rtc/PCF85063A.cpp:38:6:virtual bool PCF85063_base::oscillator_stop()	8	static
../source/r01device/rtc/PCF85063A.cpp:43:6:virtual void PCF85063_base::alarm(RTC_NXP::alarm_setting, int)	16	static
../source/r01device/rtc/PCF85063A.cpp:55:6:virtual void PCF85063_base::alarm_disable()	4	static
../source/r01device/rtc/PCF85063A.cpp:60:9:virtual uint8_t PCF85063_base::int_clear()	16	static
../source/r01device/rtc/PCF85063A.cpp:124:1:virtual PCF85063A::~PCF85063A()	8	static
../source/r01device/rtc/PCF85063A.cpp:3:1:PCF85063_base::PCF85063_base()	8	static
../source/r01device/rtc/PCF85063A.cpp:7:1:PCF85063_base::~PCF85063_base()	8	static
../source/r01device/rtc/PCF85063A.cpp:7:1:virtual PCF85063_base::~PCF85063_base()	8	static
../source/r01device/rtc/PCF85063A.cpp:68:7:float PCF85063_base::timer(float)	56	static
../source/r01device/rtc/PCF85063A.cpp:120:1:PCF85063A::PCF85063A(I2C&, uint8_t)	24	static
