../source/r01device/led/GradationControl.cpp:10:1:GradationControl::~GradationControl()	0	static
../source/r01device/led/GradationControl.cpp:10:1:virtual GradationControl::~GradationControl()	8	static
../source/r01device/led/GradationControl.cpp:14:7:float GradationControl::set_gradation(float, float, bool, bool, float, float, bool, bool)	64	static
../source/r01device/led/GradationControl.cpp:87:6:void GradationControl::gradation_channel_enable(uint32_t)	32	dynamic
../source/r01device/led/GradationControl.cpp:101:6:void GradationControl::gradation_group_assign(uint32_t)	48	dynamic
../source/r01device/led/GradationControl.cpp:3:1:GradationControl::GradationControl(PCA995x*, int, uint32_t)	16	static
../source/r01device/led/GradationControl.cpp:125:6:void GradationControl::add_channel(uint8_t)	32	static
../source/r01device/led/GradationControl.cpp:154:6:void GradationControl::control(int)	24	static
../source/r01device/led/GradationControl.cpp:170:6:void GradationControl::start(bool)	0	static
../source/r01device/led/GradationControl.cpp:175:6:void GradationControl::stop()	0	static
