../source/r01device/led/LEDDriver.cpp:106:6:virtual void PCA995x_I2C::reg_access(uint8_t, uint8_t)	0	static
../source/r01device/led/LEDDriver.cpp:111:6:virtual void PCA995x_I2C::reg_access(uint8_t, uint8_t*, int)	0	static
../source/r01device/led/LEDDriver.cpp:116:9:virtual uint8_t PCA995x_I2C::reg_access(uint8_t)	0	static
../source/r01device/led/LEDDriver.cpp:121:6:virtual void PCA995x_I2C::reg_access_r(uint8_t, uint8_t*, int)	0	static
../source/r01device/led/LEDDriver.cpp:76:6:virtual void PCA995x::begin(float, LEDDriver::board, bool)	32	static
../source/r01device/led/LEDDriver.cpp:156:6:virtual void PCA995x_SPI::reg_access(uint8_t, uint8_t*, int)	152	dynamic
../source/r01device/led/LEDDriver.cpp:180:6:virtual void PCA995x_SPI::reg_access_r(uint8_t, uint8_t*, int)	176	static
../source/r01device/led/LEDDriver.cpp:149:6:virtual void PCA995x_SPI::reg_access(uint8_t, uint8_t)	144	static
../source/r01device/led/LEDDriver.cpp:169:9:virtual uint8_t PCA995x_SPI::reg_access(uint8_t)	152	static
../source/r01device/led/LEDDriver.cpp:5:1:LEDDriver::LEDDriver(uint8_t, uint8_t, uint8_t)	8	static
../source/r01device/led/LEDDriver.cpp:10:1:LEDDriver::~LEDDriver()	8	static
../source/r01device/led/LEDDriver.cpp:10:1:virtual LEDDriver::~LEDDriver()	8	static
../source/r01device/led/LEDDriver.cpp:16:6:void LEDDriver::pwm(uint8_t, float)	16	static
../source/r01device/led/LEDDriver.cpp:26:6:void LEDDriver::pwm(float*)	48	dynamic
../source/r01device/led/LEDDriver.cpp:41:6:void LEDDriver::flush()	4	static
../source/r01device/led/LEDDriver.cpp:47:6:void LEDDriver::buffer_enable(bool)	16	static
../source/r01device/led/LEDDriver.cpp:65:1:PCA995x::PCA995x(uint8_t, uint8_t, uint8_t, uint8_t, const uint8_t*, uint8_t)	16	static
../source/r01device/led/LEDDriver.cpp:72:1:PCA995x::~PCA995x()	8	static
../source/r01device/led/LEDDriver.cpp:72:1:virtual PCA995x::~PCA995x()	8	static
../source/r01device/led/LEDDriver.cpp:87:6:void PCA995x::irefall(uint8_t)	4	static
../source/r01device/led/LEDDriver.cpp:96:1:PCA995x_I2C::PCA995x_I2C(I2C&, uint8_t, uint8_t, uint8_t, uint8_t, uint8_t, const uint8_t*, uint8_t)	32	static
../source/r01device/led/LEDDriver.cpp:102:1:PCA995x_I2C::~PCA995x_I2C()	8	static
../source/r01device/led/LEDDriver.cpp:102:1:virtual PCA995x_I2C::~PCA995x_I2C()	8	static
../source/r01device/led/LEDDriver.cpp:130:1:PCA995x_SPI::PCA995x_SPI(SPI&, uint8_t, uint8_t, uint8_t, uint8_t, const uint8_t*, uint8_t)	24	static
../source/r01device/led/LEDDriver.cpp:137:1:PCA995x_SPI::~PCA995x_SPI()	8	static
../source/r01device/led/LEDDriver.cpp:137:1:virtual PCA995x_SPI::~PCA995x_SPI()	8	static
../source/r01device/led/LEDDriver.cpp:141:6:void PCA995x_SPI::txrx(uint8_t*, int)	144	static
../source/r01device/led/LEDDriver.cpp:187:6:void PCA995x_SPI::reg_w(uint8_t, uint8_t)	152	static
../source/r01device/led/LEDDriver.cpp:192:6:void PCA995x_SPI::reg_w(uint8_t, uint8_t*, int)	4	static
../source/r01device/led/LEDDriver.cpp:197:9:uint8_t PCA995x_SPI::reg_r(uint8_t)	152	static
../source/r01device/led/LEDDriver.cpp:202:6:void PCA995x_SPI::reg_r(uint8_t, uint8_t*, int)	4	static
../source/r01device/led/LEDDriver.cpp:207:6:void PCA995x_SPI::write_r8(uint8_t, uint8_t)	152	static
../source/r01device/led/LEDDriver.cpp:212:9:uint8_t PCA995x_SPI::read_r8(uint8_t)	152	static
../source/r01device/led/LEDDriver.cpp:217:6:void PCA995x_SPI::irefall(uint8_t)	152	static
../source/r01device/led/LEDDriver.cpp:222:6:void PCA995x_SPI::pwm(uint8_t, float)	152	static
../source/r01device/led/LEDDriver.cpp:227:6:void PCA995x_SPI::pwm(float*)	48	dynamic
