/Users/tedd/dev/mcuxpresso/r01projects/_r01lib_frdm_mcxn947/drivers/fsl_clock.h:1389:20:CLOCK_EnableClock	24	static
/Users/tedd/dev/mcuxpresso/r01projects/_r01lib_frdm_mcxn947/drivers/fsl_port.h:355:20:PORT_SetPinConfig	32	static
/Users/tedd/dev/mcuxpresso/r01projects/_r01lib_frdm_mcxn947/drivers/fsl_port.h:458:20:PORT_SetPinMux	24	static
../board/pin_mux.c:310:6:BOARD_InitBootPins	8	static
../board/pin_mux.c:360:6:BOARD_InitDEBUG_UARTPins	16	static
../board/pin_mux.c:678:6:BOARD_InitSWD_DEBUGPins	24	static
../board/pin_mux.c:775:6:BOARD_InitLEDsPins	32	static
../board/pin_mux.c:897:6:BOARD_InitBUTTONsPins	24	static
