../drivers/fsl_clock.h:1389:20:CLOCK_EnableClock	24	static
../drivers/fsl_clock.h:1418:20:CLOCK_DisableClock	24	static
../drivers/fsl_pwm.c:67:24:PWM_GetComplementU16	16	static
../drivers/fsl_pwm.c:72:24:dutyCycleToReloadValue	16	static
../drivers/fsl_pwm.c:78:17:PWM_GetInstance	24	static
../drivers/fsl_pwm.c:107:10:PWM_Init	32	static
../drivers/fsl_pwm.c:223:6:PWM_Deinit	16	static
../drivers/fsl_pwm.c:252:6:PWM_GetDefaultConfig	16	static
../drivers/fsl_pwm.c:304:10:PWM_SetupPwm	48	static
../drivers/fsl_pwm.c:523:10:PWM_SetupPwmPhaseShift	48	static
../drivers/fsl_pwm.c:614:6:PWM_UpdatePwmDutycycle	32	static
../drivers/fsl_pwm.c:642:6:PWM_UpdatePwmDutycycleHighAccuracy	32	static
../drivers/fsl_pwm.c:759:6:PWM_SetupInputCapture	32	static
../drivers/fsl_pwm.c:847:6:PWM_SetupFaultInputFilter	16	static
../drivers/fsl_pwm.c:871:6:PWM_SetupFaults	32	static
../drivers/fsl_pwm.c:959:6:PWM_FaultDefaultConfig	16	static
../drivers/fsl_pwm.c:987:6:PWM_SetupForceSignal	24	static
../drivers/fsl_pwm.c:1011:6:PWM_EnableInterrupts	24	static
../drivers/fsl_pwm.c:1027:6:PWM_DisableInterrupts	24	static
../drivers/fsl_pwm.c:1042:10:PWM_GetEnabledInterrupts	24	static
../drivers/fsl_pwm.c:1060:10:PWM_GetStatusFlags	24	static
../drivers/fsl_pwm.c:1078:6:PWM_ClearStatusFlags	32	static
../drivers/fsl_pwm.c:1104:10:PWM_SetOutputToIdle	24	static
../drivers/fsl_pwm.c:1195:9:PWM_GetPwmChannelState	16	static
../drivers/fsl_pwm.c:1207:6:PWM_SetClockMode	24	static
../drivers/fsl_pwm.c:1237:6:PWM_SetPwmForceOutputToZero	24	static
../drivers/fsl_pwm.c:1282:6:PWM_SetChannelOutput	24	static
../drivers/fsl_pwm.c:1365:10:PWM_SetPhaseDelay	24	static
