/Users/tedd/dev/mcuxpresso/r01projects/_r01lib_frdm_mcxn947/CMSIS/core_cm33.h:2378:22:__NVIC_EnableIRQ	16	static
../drivers/fsl_clock.h:1389:20:CLOCK_EnableClock	24	static
../drivers/fsl_clock.h:1418:20:CLOCK_DisableClock	24	static
../drivers/fsl_common_arm.h:514:24:EnableIRQ	24	static
../drivers/fsl_i3c.h:819:24:I3C_MasterGetStatusFlags	16	static
../drivers/fsl_i3c.h:842:20:I3C_MasterClearStatusFlags	16	static
../drivers/fsl_i3c.h:859:24:I3C_MasterGetErrorStatusFlags	16	static
../drivers/fsl_i3c.h:873:20:I3C_MasterClearErrorStatusFlags	16	static
../drivers/fsl_i3c.h:904:20:I3C_MasterEnableInterrupts	16	static
../drivers/fsl_i3c.h:919:20:I3C_MasterDisableInterrupts	16	static
../drivers/fsl_i3c.h:931:24:I3C_MasterGetEnabledInterrupts	16	static
../drivers/fsl_i3c.h:943:24:I3C_MasterGetPendingInterrupts	16	static
../drivers/fsl_i3c.h:1010:20:I3C_MasterSetWatermarks	16	static
../drivers/fsl_i3c.h:1026:20:I3C_MasterGetFifoCounts	24	static
../drivers/fsl_i3c.h:1064:20:I3C_MasterGetBusIdleState	16	static
../drivers/fsl_i3c.h:1148:24:I3C_MasterRepeatedStart	24	static
../drivers/fsl_i3c.h:1224:20:I3C_MasterEmitIBIResponse	24	static
../drivers/fsl_i3c.h:1262:23:I3C_GetIBIAddress	16	static
../drivers/fsl_i3c.h:1487:24:I3C_SlaveGetStatusFlags	16	static
../drivers/fsl_i3c.h:1508:20:I3C_SlaveClearStatusFlags	16	static
../drivers/fsl_i3c.h:1525:24:I3C_SlaveGetErrorStatusFlags	16	static
../drivers/fsl_i3c.h:1539:20:I3C_SlaveClearErrorStatusFlags	16	static
../drivers/fsl_i3c.h:1579:20:I3C_SlaveEnableInterrupts	16	static
../drivers/fsl_i3c.h:1604:20:I3C_SlaveDisableInterrupts	16	static
../drivers/fsl_i3c.h:1616:24:I3C_SlaveGetEnabledInterrupts	16	static
../drivers/fsl_i3c.h:1628:24:I3C_SlaveGetPendingInterrupts	16	static
../drivers/fsl_i3c.h:1711:20:I3C_SlaveGetFifoCounts	24	static
../drivers/fsl_i3c.c:328:10:I3C_GetInstance	24	static
../drivers/fsl_i3c.c:361:10:I3C_MasterCheckAndClearError	24	static
../drivers/fsl_i3c.c:434:17:I3C_MasterWaitForCtrlDone	32	static
../drivers/fsl_i3c.c:478:17:I3C_MasterWaitForTxReady	32	static
../drivers/fsl_i3c.c:516:17:I3C_MasterWaitForComplete	32	static
../drivers/fsl_i3c.c:576:10:I3C_SlaveCheckAndClearError	24	static
../drivers/fsl_i3c.c:652:17:I3C_SlaveWaitForTxReady	32	static
../drivers/fsl_i3c.c:690:17:I3C_MasterEmitStop	24	static
../drivers/fsl_i3c.c:717:16:I3C_GetIBIType	24	static
../drivers/fsl_i3c.c:748:10:I3C_CheckForBusyBus	16	static
../drivers/fsl_i3c.c:756:6:I3C_GetDefaultConfig	16	static
../drivers/fsl_i3c.c:796:6:I3C_Init	48	static
../drivers/fsl_i3c.c:905:6:I3C_MasterGetDefaultConfig	16	static
../drivers/fsl_i3c.c:929:6:I3C_MasterInit	40	static
../drivers/fsl_i3c.c:956:20:I3C_MasterGetState	24	static
../drivers/fsl_i3c.c:1003:6:I3C_MasterDeinit	24	static
../drivers/fsl_i3c.c:1021:17:I3C_CalcErrorRatio	16	static
../drivers/fsl_i3c.c:1043:6:I3C_MasterSetBaudRate	96	static
../drivers/fsl_i3c.c:1144:10:I3C_MasterStartWithRxSize	32	static
../drivers/fsl_i3c.c:1173:10:I3C_MasterStart	32	static
../drivers/fsl_i3c.c:1206:10:I3C_MasterRepeatedStartWithRxSize	24	static
../drivers/fsl_i3c.c:1253:10:I3C_MasterStop	16	static
../drivers/fsl_i3c.c:1264:6:I3C_MasterEmitRequest	24	static
../drivers/fsl_i3c.c:1286:6:I3C_MasterRegisterIBI	24	static
../drivers/fsl_i3c.c:1312:6:I3C_MasterGetIBIRules	24	static
../drivers/fsl_i3c.c:1341:10:I3C_MasterReceive	48	static
../drivers/fsl_i3c.c:1454:10:I3C_MasterSend	40	static
../drivers/fsl_i3c.c:1535:10:I3C_MasterProcessDAASpecifiedBaudrate	80	static
../drivers/fsl_i3c.c:1675:20:I3C_MasterGetDeviceListAfterDAA	16	static
../drivers/fsl_i3c.c:1691:13:I3C_MasterClearFlagsAndEnableIRQ	16	static
../drivers/fsl_i3c.c:1709:13:I3C_MasterTransferNoStartFlag	24	static
../drivers/fsl_i3c.c:1743:10:I3C_MasterTransferBlocking	40	static
../drivers/fsl_i3c.c:1921:6:I3C_MasterTransferCreateHandle	32	static
../drivers/fsl_i3c.c:1961:13:I3C_TransferStateMachineIBIWonState	40	static
../drivers/fsl_i3c.c:2007:13:I3C_TransferStateMachineSendCommandState	24	static
../drivers/fsl_i3c.c:2055:13:I3C_TransferStateMachineWaitRepeatedStartCompleteState	32	static
../drivers/fsl_i3c.c:2083:13:I3C_TransferStateMachineTransferDataState	32	static
../drivers/fsl_i3c.c:2147:13:I3C_TransferStateMachineWaitForCompletionState	16	static
../drivers/fsl_i3c.c:2161:13:I3C_TransferStateMachineStopState	24	static
../drivers/fsl_i3c.c:2186:17:I3C_RunTransferStateMachine	56	static
../drivers/fsl_i3c.c:2286:17:I3C_InitTransferStateMachine	32	static
../drivers/fsl_i3c.c:2359:10:I3C_MasterTransferNonBlocking	40	static
../drivers/fsl_i3c.c:2432:10:I3C_MasterTransferGetCount	40	static
../drivers/fsl_i3c.c:2494:6:I3C_MasterTransferAbort	16	static
../drivers/fsl_i3c.c:2519:6:I3C_MasterTransferHandleIRQ	40	static
../drivers/fsl_i3c.c:2583:6:I3C_SlaveGetDefaultConfig	16	static
../drivers/fsl_i3c.c:2624:6:I3C_SlaveInit	40	static
../drivers/fsl_i3c.c:2716:6:I3C_SlaveDeinit	24	static
../drivers/fsl_i3c.c:2740:28:I3C_SlaveGetActivityState	24	static
../drivers/fsl_i3c.c:2774:6:I3C_SlaveRequestEvent	24	static
../drivers/fsl_i3c.c:2792:6:I3C_SlaveRequestIBIWithSingleData	32	static
../drivers/fsl_i3c.c:2809:6:I3C_SlaveRequestIBIWithData	32	static
../drivers/fsl_i3c.c:2870:10:I3C_SlaveSend	32	static
../drivers/fsl_i3c.c:2909:10:I3C_SlaveReceive	32	static
../drivers/fsl_i3c.c:2970:6:I3C_SlaveTransferCreateHandle	32	static
../drivers/fsl_i3c.c:3028:10:I3C_SlaveTransferNonBlocking	24	static
../drivers/fsl_i3c.c:3065:10:I3C_SlaveTransferGetCount	24	static
../drivers/fsl_i3c.c:3095:6:I3C_SlaveTransferAbort	16	static
../drivers/fsl_i3c.c:3113:13:I3C_SlaveTransferHandleGetStatusFlags	32	static
../drivers/fsl_i3c.c:3140:13:I3C_SlaveTransferHandleBusStart	24	static
../drivers/fsl_i3c.c:3148:13:I3C_SlaveTransferHandleEventSent	24	static
../drivers/fsl_i3c.c:3157:13:I3C_SlaveTransferHandleReceivedCCC	24	static
../drivers/fsl_i3c.c:3167:13:I3C_SlaveTransferHandleBusStop	24	static
../drivers/fsl_i3c.c:3201:13:I3C_SlaveTransferHandleMatched	24	static
../drivers/fsl_i3c.c:3212:13:I3C_SlaveTransferHandleTxReady	24	static
../drivers/fsl_i3c.c:3260:13:I3C_SlaveTransferHandleRxReady	24	static
../drivers/fsl_i3c.c:3296:6:I3C_SlaveTransferHandleIRQ	40	static
../drivers/fsl_i3c.c:3362:13:I3C_CommonIRQHandler	16	static
../drivers/fsl_i3c.c:3392:6:I3C0_DriverIRQHandler	8	static
../drivers/fsl_i3c.c:3401:6:I3C1_DriverIRQHandler	8	static
