/Users/tedd/dev/mcuxpresso/r01_a153/_r01lib_frdm_mcxn947/CMSIS/core_cm33.h:2378:22:__NVIC_EnableIRQ	16	static
../drivers/fsl_clock.h:1389:20:CLOCK_EnableClock	24	static
../drivers/fsl_clock.h:1418:20:CLOCK_DisableClock	24	static
../drivers/fsl_common_arm.h:514:24:EnableIRQ	24	static
../drivers/fsl_lpspi.h:524:20:LPSPI_Enable	16	static
../drivers/fsl_lpspi.h:550:24:LPSPI_GetStatusFlags	16	static
../drivers/fsl_lpspi.h:570:23:LPSPI_GetRxFifoSize	16	static
../drivers/fsl_lpspi.h:580:24:LPSPI_GetTxFifoCount	16	static
../drivers/fsl_lpspi.h:590:24:LPSPI_GetRxFifoCount	16	static
../drivers/fsl_lpspi.h:608:20:LPSPI_ClearStatusFlags	16	static
../drivers/fsl_lpspi.h:635:20:LPSPI_EnableInterrupts	16	static
../drivers/fsl_lpspi.h:650:20:LPSPI_DisableInterrupts	16	static
../drivers/fsl_lpspi.h:753:20:LPSPI_SetMasterSlaveMode	16	static
../drivers/fsl_lpspi.h:798:20:LPSPI_IsMaster	16	static
../drivers/fsl_lpspi.h:810:20:LPSPI_FlushFifo	16	static
../drivers/fsl_lpspi.h:826:20:LPSPI_SetFifoWatermarks	24	static
../drivers/fsl_lpspi.h:971:20:LPSPI_WriteData	16	static
../drivers/fsl_lpspi.h:985:24:LPSPI_ReadData	16	static
../drivers/fsl_lpspi.c:156:10:LPSPI_GetInstance	24	static
../drivers/fsl_lpspi.c:184:6:LPSPI_SetDummyData	24	static
../drivers/fsl_lpspi.c:197:6:LPSPI_MasterInit	40	static
../drivers/fsl_lpspi.c:283:6:LPSPI_MasterGetDefaultConfig	16	static
../drivers/fsl_lpspi.c:316:6:LPSPI_SlaveInit	24	static
../drivers/fsl_lpspi.c:382:6:LPSPI_SlaveGetDefaultConfig	16	static
../drivers/fsl_lpspi.c:407:6:LPSPI_Reset	16	static
../drivers/fsl_lpspi.c:423:6:LPSPI_Deinit	24	static
../drivers/fsl_lpspi.c:451:13:LPSPI_SetOnePcsPolarity	24	static
../drivers/fsl_lpspi.c:486:10:LPSPI_MasterSetBaudRate	64	static
../drivers/fsl_lpspi.c:598:6:LPSPI_MasterSetDelayScaler	32	static
../drivers/fsl_lpspi.c:671:10:LPSPI_MasterSetDelayTimes	192	static
../drivers/fsl_lpspi.c:794:6:LPSPI_MasterTransferCreateHandle	32	static
../drivers/fsl_lpspi.c:834:6:LPSPI_CheckTransferArgument	40	static
../drivers/fsl_lpspi.c:920:10:LPSPI_MasterTransferBlocking	80	static
../drivers/fsl_lpspi.c:1189:10:LPSPI_MasterTransferNonBlocking	48	static
../drivers/fsl_lpspi.c:1367:13:LPSPI_MasterTransferFillUpTxFifo	40	static
../drivers/fsl_lpspi.c:1435:13:LPSPI_MasterTransferComplete	24	static
../drivers/fsl_lpspi.c:1460:10:LPSPI_MasterTransferGetCount	32	static
../drivers/fsl_lpspi.c:1500:6:LPSPI_MasterTransferAbort	16	static
../drivers/fsl_lpspi.c:1522:6:LPSPI_MasterTransferHandleIRQ	40	static
../drivers/fsl_lpspi.c:1655:6:LPSPI_SlaveTransferCreateHandle	32	static
../drivers/fsl_lpspi.c:1705:10:LPSPI_SlaveTransferNonBlocking	40	static
../drivers/fsl_lpspi.c:1840:13:LPSPI_SlaveTransferFillUpTxFifo	32	static
../drivers/fsl_lpspi.c:1872:13:LPSPI_SlaveTransferComplete	32	static
../drivers/fsl_lpspi.c:1908:10:LPSPI_SlaveTransferGetCount	32	static
../drivers/fsl_lpspi.c:1948:6:LPSPI_SlaveTransferAbort	16	static
../drivers/fsl_lpspi.c:1970:6:LPSPI_SlaveTransferHandleIRQ	40	static
../drivers/fsl_lpspi.c:2085:17:LPSPI_CombineWriteData	24	static
../drivers/fsl_lpspi.c:2169:13:LPSPI_SeparateReadData	24	static
../drivers/fsl_lpspi.c:2249:13:LPSPI_TxFifoReady	16	static
../drivers/fsl_lpspi.c:2268:6:LPSPI_CommonIRQHandler	16	static
