../source/r01device/I2C_device.cpp:3:1:I2C_device::I2C_device(I2C&, uint8_t, bool)	0	static
../source/r01device/I2C_device.cpp:7:1:I2C_device::~I2C_device()	0	static
../source/r01device/I2C_device.cpp:11:6:void I2C_device::repeated_start_enable(bool)	0	static
../source/r01device/I2C_device.cpp:16:6:bool I2C_device::ping()	32	static
../source/r01device/I2C_device.cpp:22:6:static void I2C_device::scan(I2C&, uint8_t)	184	static
../source/r01device/I2C_device.cpp:51:5:int I2C_device::tx(const uint8_t*, uint16_t, bool)	24	static
../source/r01device/I2C_device.cpp:56:5:int I2C_device::rx(uint8_t*, uint16_t)	24	static
../source/r01device/I2C_device.cpp:61:5:int I2C_device::reg_w(uint8_t, const uint8_t*, uint16_t)	32	dynamic
../source/r01device/I2C_device.cpp:72:5:int I2C_device::reg_w(uint8_t, uint8_t)	32	static
../source/r01device/I2C_device.cpp:82:5:int I2C_device::reg_r(uint8_t, uint8_t*, uint16_t)	40	static
../source/r01device/I2C_device.cpp:88:9:uint8_t I2C_device::reg_r(uint8_t)	40	static
../source/r01device/I2C_device.cpp:97:6:void I2C_device::write_r8(uint8_t, uint8_t)	32	static
../source/r01device/I2C_device.cpp:102:6:void I2C_device::write_r16(uint8_t, uint16_t)	32	static
../source/r01device/I2C_device.cpp:112:9:uint8_t I2C_device::read_r8(uint8_t)	0	static
../source/r01device/I2C_device.cpp:117:10:uint16_t I2C_device::read_r16(uint8_t)	32	static
../source/r01device/I2C_device.cpp:126:6:void I2C_device::bit_op8(uint8_t, uint8_t, uint8_t)	40	static
../source/r01device/I2C_device.cpp:136:6:void I2C_device::bit_op16(uint8_t, uint16_t, uint16_t)	48	static
